[2026-03-22T22:02:50.066+0000] {local_task_job_runner.py:123} INFO - ::group::Pre task execution logs
[2026-03-22T22:02:50.073+0000] {taskinstance.py:2612} INFO - Dependencies all met for dep_context=non-requeueable deps ti=<TaskInstance: train_model_only.train_model manual__2026-03-22T22:02:46.016436+00:00 [queued]>
[2026-03-22T22:02:50.077+0000] {taskinstance.py:2612} INFO - Dependencies all met for dep_context=requeueable deps ti=<TaskInstance: train_model_only.train_model manual__2026-03-22T22:02:46.016436+00:00 [queued]>
[2026-03-22T22:02:50.078+0000] {taskinstance.py:2865} INFO - Starting attempt 1 of 2
[2026-03-22T22:02:50.200+0000] {taskinstance.py:2888} INFO - Executing <Task(PythonOperator): train_model> on 2026-03-22 22:02:46.016436+00:00
[2026-03-22T22:02:50.205+0000] {standard_task_runner.py:72} INFO - Started process 5655 to run task
[2026-03-22T22:02:50.209+0000] {standard_task_runner.py:104} INFO - Running: ['airflow', 'tasks', 'run', 'train_model_only', 'train_model', 'manual__2026-03-22T22:02:46.016436+00:00', '--job-id', '5', '--raw', '--subdir', 'DAGS_FOLDER/train_model_dag.py', '--cfg-path', '/tmp/tmpnittzkkc']
[2026-03-22T22:02:50.210+0000] {standard_task_runner.py:105} INFO - Job 5: Subtask train_model
[2026-03-22T22:02:50.238+0000] {task_command.py:467} INFO - Running <TaskInstance: train_model_only.train_model manual__2026-03-22T22:02:46.016436+00:00 [running]> on host ip-172-31-71-51.ec2.internal
[2026-03-22T22:02:50.292+0000] {taskinstance.py:3131} INFO - Exporting env vars: AIRFLOW_CTX_DAG_OWNER='airflow' AIRFLOW_CTX_DAG_ID='train_model_only' AIRFLOW_CTX_TASK_ID='train_model' AIRFLOW_CTX_EXECUTION_DATE='2026-03-22T22:02:46.016436+00:00' AIRFLOW_CTX_TRY_NUMBER='1' AIRFLOW_CTX_DAG_RUN_ID='manual__2026-03-22T22:02:46.016436+00:00'
[2026-03-22T22:02:50.293+0000] {taskinstance.py:731} INFO - ::endgroup::
[2026-03-22T22:02:50.367+0000] {logging_mixin.py:190} WARNING - /home/ec2-user/environment/lab4_model_training/venv/lib64/python3.12/site-packages/sklearn/linear_model/_logistic.py:469 ConvergenceWarning: lbfgs failed to converge (status=1):
STOP: TOTAL NO. OF ITERATIONS REACHED LIMIT.

Increase the number of iterations (max_iter) or scale the data as shown in:
    https://scikit-learn.org/stable/modules/preprocessing.html
Please also refer to the documentation for alternative solver options:
    https://scikit-learn.org/stable/modules/linear_model.html#logistic-regression
[2026-03-22T22:02:50.370+0000] {logging_mixin.py:190} INFO - [ml_pipeline.model] Model accuracy: 0.9561
[2026-03-22T22:02:50.371+0000] {logging_mixin.py:190} INFO - New model metric with value '0.956140350877193' appended to /home/ec2-user/environment/lab4_model_training/dags/../models/metrics.json
[2026-03-22T22:02:50.373+0000] {logging_mixin.py:190} INFO - [ml_pipeline.model] Saved model to models/breast_cancer_model.pkl
[2026-03-22T22:02:50.373+0000] {python.py:240} INFO - Done. Returned value was: 0.956140350877193
[2026-03-22T22:02:50.391+0000] {taskinstance.py:340} INFO - ::group::Post task execution logs
[2026-03-22T22:02:50.392+0000] {taskinstance.py:352} INFO - Marking task as SUCCESS. dag_id=train_model_only, task_id=train_model, run_id=manual__2026-03-22T22:02:46.016436+00:00, execution_date=20260322T220246, start_date=20260322T220250, end_date=20260322T220250
[2026-03-22T22:02:50.414+0000] {local_task_job_runner.py:266} INFO - Task exited with return code 0
[2026-03-22T22:02:50.425+0000] {taskinstance.py:3900} INFO - 0 downstream tasks scheduled from follow-on schedule check
[2026-03-22T22:02:50.426+0000] {local_task_job_runner.py:245} INFO - ::endgroup::
