[2026-03-29T21:51:06.258+0000] {local_task_job_runner.py:123} INFO - ::group::Pre task execution logs
[2026-03-29T21:51:06.265+0000] {taskinstance.py:2612} INFO - Dependencies all met for dep_context=non-requeueable deps ti=<TaskInstance: ml_training_pipeline_v2.promote_model manual__2026-03-29T21:50:53.316237+00:00 [queued]>
[2026-03-29T21:51:06.270+0000] {taskinstance.py:2612} INFO - Dependencies all met for dep_context=requeueable deps ti=<TaskInstance: ml_training_pipeline_v2.promote_model manual__2026-03-29T21:50:53.316237+00:00 [queued]>
[2026-03-29T21:51:06.270+0000] {taskinstance.py:2865} INFO - Starting attempt 1 of 2
[2026-03-29T21:51:06.282+0000] {taskinstance.py:2888} INFO - Executing <Task(PythonOperator): promote_model> on 2026-03-29 21:50:53.316237+00:00
[2026-03-29T21:51:06.287+0000] {standard_task_runner.py:72} INFO - Started process 17954 to run task
[2026-03-29T21:51:06.291+0000] {standard_task_runner.py:104} INFO - Running: ['airflow', 'tasks', 'run', 'ml_training_pipeline_v2', 'promote_model', 'manual__2026-03-29T21:50:53.316237+00:00', '--job-id', '48', '--raw', '--subdir', 'DAGS_FOLDER/ml_training_pipeline_v2.py', '--cfg-path', '/tmp/tmpo_qqtnnn']
[2026-03-29T21:51:06.292+0000] {standard_task_runner.py:105} INFO - Job 48: Subtask promote_model
[2026-03-29T21:51:06.319+0000] {task_command.py:467} INFO - Running <TaskInstance: ml_training_pipeline_v2.promote_model manual__2026-03-29T21:50:53.316237+00:00 [running]> on host ip-172-31-71-51.ec2.internal
[2026-03-29T21:51:06.371+0000] {taskinstance.py:3131} INFO - Exporting env vars: AIRFLOW_CTX_DAG_OWNER='airflow' AIRFLOW_CTX_DAG_ID='ml_training_pipeline_v2' AIRFLOW_CTX_TASK_ID='promote_model' AIRFLOW_CTX_EXECUTION_DATE='2026-03-29T21:50:53.316237+00:00' AIRFLOW_CTX_TRY_NUMBER='1' AIRFLOW_CTX_DAG_RUN_ID='manual__2026-03-29T21:50:53.316237+00:00'
[2026-03-29T21:51:06.371+0000] {taskinstance.py:731} INFO - ::endgroup::
[2026-03-29T21:51:06.385+0000] {logging_mixin.py:190} INFO - [promote_model] Evaluating version 20260329_215053 with accuracy 0.9825
[2026-03-29T21:51:06.385+0000] {logging_mixin.py:190} INFO - [promote_model] Model passed threshold
[2026-03-29T21:51:06.397+0000] {credentials.py:1278} INFO - Found credentials in shared credentials file: ~/.aws/credentials
[2026-03-29T21:51:06.614+0000] {logging_mixin.py:190} INFO - [promote_model] Uploaded to s3://breast-cancer-bucket-651209/models/20260329_215053/
[2026-03-29T21:51:06.615+0000] {python.py:240} INFO - Done. Returned value was: 20260329_215053
[2026-03-29T21:51:06.630+0000] {taskinstance.py:340} INFO - ::group::Post task execution logs
[2026-03-29T21:51:06.630+0000] {taskinstance.py:352} INFO - Marking task as SUCCESS. dag_id=ml_training_pipeline_v2, task_id=promote_model, run_id=manual__2026-03-29T21:50:53.316237+00:00, execution_date=20260329T215053, start_date=20260329T215106, end_date=20260329T215106
[2026-03-29T21:51:06.644+0000] {local_task_job_runner.py:266} INFO - Task exited with return code 0
[2026-03-29T21:51:06.654+0000] {taskinstance.py:3900} INFO - 0 downstream tasks scheduled from follow-on schedule check
[2026-03-29T21:51:06.654+0000] {local_task_job_runner.py:245} INFO - ::endgroup::
