[2026-03-28T19:24:32.061+0000] {local_task_job_runner.py:123} INFO - ::group::Pre task execution logs
[2026-03-28T19:24:32.069+0000] {taskinstance.py:2612} INFO - Dependencies all met for dep_context=non-requeueable deps ti=<TaskInstance: ml_training_pipeline_v2.train_model manual__2026-03-28T19:24:27.911522+00:00 [queued]>
[2026-03-28T19:24:32.073+0000] {taskinstance.py:2612} INFO - Dependencies all met for dep_context=requeueable deps ti=<TaskInstance: ml_training_pipeline_v2.train_model manual__2026-03-28T19:24:27.911522+00:00 [queued]>
[2026-03-28T19:24:32.073+0000] {taskinstance.py:2865} INFO - Starting attempt 1 of 2
[2026-03-28T19:24:32.087+0000] {taskinstance.py:2888} INFO - Executing <Task(PythonOperator): train_model> on 2026-03-28 19:24:27.911522+00:00
[2026-03-28T19:24:32.091+0000] {standard_task_runner.py:72} INFO - Started process 10599 to run task
[2026-03-28T19:24:32.094+0000] {standard_task_runner.py:104} INFO - Running: ['airflow', 'tasks', 'run', 'ml_training_pipeline_v2', 'train_model', 'manual__2026-03-28T19:24:27.911522+00:00', '--job-id', '7', '--raw', '--subdir', 'DAGS_FOLDER/ml_training_pipeline_v2.py', '--cfg-path', '/tmp/tmpccfx02q2']
[2026-03-28T19:24:32.096+0000] {standard_task_runner.py:105} INFO - Job 7: Subtask train_model
[2026-03-28T19:24:32.277+0000] {task_command.py:467} INFO - Running <TaskInstance: ml_training_pipeline_v2.train_model manual__2026-03-28T19:24:27.911522+00:00 [running]> on host ip-172-31-71-51.ec2.internal
[2026-03-28T19:24:32.320+0000] {taskinstance.py:3131} INFO - Exporting env vars: AIRFLOW_CTX_DAG_OWNER='airflow' AIRFLOW_CTX_DAG_ID='ml_training_pipeline_v2' AIRFLOW_CTX_TASK_ID='train_model' AIRFLOW_CTX_EXECUTION_DATE='2026-03-28T19:24:27.911522+00:00' AIRFLOW_CTX_TRY_NUMBER='1' AIRFLOW_CTX_DAG_RUN_ID='manual__2026-03-28T19:24:27.911522+00:00'
[2026-03-28T19:24:32.321+0000] {taskinstance.py:731} INFO - ::endgroup::
[2026-03-28T19:24:32.397+0000] {logging_mixin.py:190} WARNING - /home/ec2-user/environment/lab4_model_training/venv/lib64/python3.12/site-packages/sklearn/linear_model/_logistic.py:469 ConvergenceWarning: lbfgs failed to converge (status=1):
STOP: TOTAL NO. OF ITERATIONS REACHED LIMIT.

Increase the number of iterations (max_iter) or scale the data as shown in:
    https://scikit-learn.org/stable/modules/preprocessing.html
Please also refer to the documentation for alternative solver options:
    https://scikit-learn.org/stable/modules/linear_model.html#logistic-regression
[2026-03-28T19:24:32.422+0000] {python.py:240} INFO - Done. Returned value was: None
[2026-03-28T19:24:32.427+0000] {taskinstance.py:340} INFO - ::group::Post task execution logs
[2026-03-28T19:24:32.427+0000] {taskinstance.py:352} INFO - Marking task as SUCCESS. dag_id=ml_training_pipeline_v2, task_id=train_model, run_id=manual__2026-03-28T19:24:27.911522+00:00, execution_date=20260328T192427, start_date=20260328T192432, end_date=20260328T192432
[2026-03-28T19:24:32.445+0000] {local_task_job_runner.py:266} INFO - Task exited with return code 0
[2026-03-28T19:24:32.584+0000] {taskinstance.py:3900} INFO - 1 downstream tasks scheduled from follow-on schedule check
[2026-03-28T19:24:32.589+0000] {local_task_job_runner.py:245} INFO - ::endgroup::
