[2026-03-28T20:13:39.450+0000] {local_task_job_runner.py:123} INFO - ::group::Pre task execution logs
[2026-03-28T20:13:39.458+0000] {taskinstance.py:2612} INFO - Dependencies all met for dep_context=non-requeueable deps ti=<TaskInstance: ml_training_pipeline_v2.train_model manual__2026-03-28T20:13:31.853324+00:00 [queued]>
[2026-03-28T20:13:39.463+0000] {taskinstance.py:2612} INFO - Dependencies all met for dep_context=requeueable deps ti=<TaskInstance: ml_training_pipeline_v2.train_model manual__2026-03-28T20:13:31.853324+00:00 [queued]>
[2026-03-28T20:13:39.463+0000] {taskinstance.py:2865} INFO - Starting attempt 1 of 2
[2026-03-28T20:13:39.476+0000] {taskinstance.py:2888} INFO - Executing <Task(PythonOperator): train_model> on 2026-03-28 20:13:31.853324+00:00
[2026-03-28T20:13:39.481+0000] {standard_task_runner.py:72} INFO - Started process 15616 to run task
[2026-03-28T20:13:39.484+0000] {standard_task_runner.py:104} INFO - Running: ['airflow', 'tasks', 'run', 'ml_training_pipeline_v2', 'train_model', 'manual__2026-03-28T20:13:31.853324+00:00', '--job-id', '20', '--raw', '--subdir', 'DAGS_FOLDER/ml_training_pipeline_v2.py', '--cfg-path', '/tmp/tmpccm9ljnf']
[2026-03-28T20:13:39.485+0000] {standard_task_runner.py:105} INFO - Job 20: Subtask train_model
[2026-03-28T20:13:39.515+0000] {task_command.py:467} INFO - Running <TaskInstance: ml_training_pipeline_v2.train_model manual__2026-03-28T20:13:31.853324+00:00 [running]> on host ip-172-31-71-51.ec2.internal
[2026-03-28T20:13:39.729+0000] {taskinstance.py:3131} INFO - Exporting env vars: AIRFLOW_CTX_DAG_OWNER='airflow' AIRFLOW_CTX_DAG_ID='ml_training_pipeline_v2' AIRFLOW_CTX_TASK_ID='train_model' AIRFLOW_CTX_EXECUTION_DATE='2026-03-28T20:13:31.853324+00:00' AIRFLOW_CTX_TRY_NUMBER='1' AIRFLOW_CTX_DAG_RUN_ID='manual__2026-03-28T20:13:31.853324+00:00'
[2026-03-28T20:13:39.730+0000] {taskinstance.py:731} INFO - ::endgroup::
[2026-03-28T20:13:39.767+0000] {logging_mixin.py:190} INFO - [ml_pipeline.model] Model accuracy: 1.0000
[2026-03-28T20:13:39.769+0000] {logging_mixin.py:190} INFO - [ml_pipeline.model] Saved model to models/iris_model.pkl
[2026-03-28T20:13:39.771+0000] {logging_mixin.py:190} INFO - [train_model] Model saved to models/breast_cancer_model.pkl
[2026-03-28T20:13:39.771+0000] {logging_mixin.py:190} INFO - [train_model] Accuracy: 1.0000
[2026-03-28T20:13:39.771+0000] {python.py:240} INFO - Done. Returned value was: 1.0
[2026-03-28T20:13:39.790+0000] {taskinstance.py:340} INFO - ::group::Post task execution logs
[2026-03-28T20:13:39.791+0000] {taskinstance.py:352} INFO - Marking task as SUCCESS. dag_id=ml_training_pipeline_v2, task_id=train_model, run_id=manual__2026-03-28T20:13:31.853324+00:00, execution_date=20260328T201331, start_date=20260328T201339, end_date=20260328T201339
[2026-03-28T20:13:39.816+0000] {local_task_job_runner.py:266} INFO - Task exited with return code 0
[2026-03-28T20:13:39.829+0000] {taskinstance.py:3900} INFO - 1 downstream tasks scheduled from follow-on schedule check
[2026-03-28T20:13:39.834+0000] {local_task_job_runner.py:245} INFO - ::endgroup::
