[2026-03-28T19:39:09.540+0000] {local_task_job_runner.py:123} INFO - ::group::Pre task execution logs
[2026-03-28T19:39:09.547+0000] {taskinstance.py:2612} INFO - Dependencies all met for dep_context=non-requeueable deps ti=<TaskInstance: ml_training_pipeline_v2.train_model manual__2026-03-28T19:39:01.797261+00:00 [queued]>
[2026-03-28T19:39:09.552+0000] {taskinstance.py:2612} INFO - Dependencies all met for dep_context=requeueable deps ti=<TaskInstance: ml_training_pipeline_v2.train_model manual__2026-03-28T19:39:01.797261+00:00 [queued]>
[2026-03-28T19:39:09.552+0000] {taskinstance.py:2865} INFO - Starting attempt 1 of 2
[2026-03-28T19:39:09.564+0000] {taskinstance.py:2888} INFO - Executing <Task(PythonOperator): train_model> on 2026-03-28 19:39:01.797261+00:00
[2026-03-28T19:39:09.568+0000] {standard_task_runner.py:72} INFO - Started process 12124 to run task
[2026-03-28T19:39:09.571+0000] {standard_task_runner.py:104} INFO - Running: ['airflow', 'tasks', 'run', 'ml_training_pipeline_v2', 'train_model', 'manual__2026-03-28T19:39:01.797261+00:00', '--job-id', '14', '--raw', '--subdir', 'DAGS_FOLDER/ml_training_pipeline_v2.py', '--cfg-path', '/tmp/tmp0ha9m5wj']
[2026-03-28T19:39:09.572+0000] {standard_task_runner.py:105} INFO - Job 14: Subtask train_model
[2026-03-28T19:39:09.603+0000] {task_command.py:467} INFO - Running <TaskInstance: ml_training_pipeline_v2.train_model manual__2026-03-28T19:39:01.797261+00:00 [running]> on host ip-172-31-71-51.ec2.internal
[2026-03-28T19:39:09.813+0000] {taskinstance.py:3131} INFO - Exporting env vars: AIRFLOW_CTX_DAG_OWNER='airflow' AIRFLOW_CTX_DAG_ID='ml_training_pipeline_v2' AIRFLOW_CTX_TASK_ID='train_model' AIRFLOW_CTX_EXECUTION_DATE='2026-03-28T19:39:01.797261+00:00' AIRFLOW_CTX_TRY_NUMBER='1' AIRFLOW_CTX_DAG_RUN_ID='manual__2026-03-28T19:39:01.797261+00:00'
[2026-03-28T19:39:09.813+0000] {taskinstance.py:731} INFO - ::endgroup::
[2026-03-28T19:39:09.850+0000] {logging_mixin.py:190} INFO - [ml_pipeline.model] Model accuracy: 1.0000
[2026-03-28T19:39:09.853+0000] {logging_mixin.py:190} INFO - [ml_pipeline.model] Saved model to models/iris_model.pkl
[2026-03-28T19:39:09.854+0000] {logging_mixin.py:190} INFO - [train_model] Model saved to models/iris_model.pkl
[2026-03-28T19:39:09.855+0000] {logging_mixin.py:190} INFO - [train_model] Accuracy: 1.0000
[2026-03-28T19:39:09.855+0000] {python.py:240} INFO - Done. Returned value was: 1.0
[2026-03-28T19:39:09.873+0000] {taskinstance.py:340} INFO - ::group::Post task execution logs
[2026-03-28T19:39:09.873+0000] {taskinstance.py:352} INFO - Marking task as SUCCESS. dag_id=ml_training_pipeline_v2, task_id=train_model, run_id=manual__2026-03-28T19:39:01.797261+00:00, execution_date=20260328T193901, start_date=20260328T193909, end_date=20260328T193909
[2026-03-28T19:39:09.892+0000] {local_task_job_runner.py:266} INFO - Task exited with return code 0
[2026-03-28T19:39:09.906+0000] {taskinstance.py:3900} INFO - 1 downstream tasks scheduled from follow-on schedule check
[2026-03-28T19:39:09.911+0000] {local_task_job_runner.py:245} INFO - ::endgroup::
