[2026-03-28T19:38:20.693+0000] {local_task_job_runner.py:123} INFO - ::group::Pre task execution logs
[2026-03-28T19:38:20.702+0000] {taskinstance.py:2612} INFO - Dependencies all met for dep_context=non-requeueable deps ti=<TaskInstance: ml_training_pipeline_v2.train_model manual__2026-03-28T19:38:12.092484+00:00 [queued]>
[2026-03-28T19:38:20.707+0000] {taskinstance.py:2612} INFO - Dependencies all met for dep_context=requeueable deps ti=<TaskInstance: ml_training_pipeline_v2.train_model manual__2026-03-28T19:38:12.092484+00:00 [queued]>
[2026-03-28T19:38:20.707+0000] {taskinstance.py:2865} INFO - Starting attempt 1 of 2
[2026-03-28T19:38:20.719+0000] {taskinstance.py:2888} INFO - Executing <Task(PythonOperator): train_model> on 2026-03-28 19:38:12.092484+00:00
[2026-03-28T19:38:20.724+0000] {standard_task_runner.py:72} INFO - Started process 12061 to run task
[2026-03-28T19:38:20.727+0000] {standard_task_runner.py:104} INFO - Running: ['airflow', 'tasks', 'run', 'ml_training_pipeline_v2', 'train_model', 'manual__2026-03-28T19:38:12.092484+00:00', '--job-id', '11', '--raw', '--subdir', 'DAGS_FOLDER/ml_training_pipeline_v2.py', '--cfg-path', '/tmp/tmpfebk2iua']
[2026-03-28T19:38:20.728+0000] {standard_task_runner.py:105} INFO - Job 11: Subtask train_model
[2026-03-28T19:38:20.760+0000] {task_command.py:467} INFO - Running <TaskInstance: ml_training_pipeline_v2.train_model manual__2026-03-28T19:38:12.092484+00:00 [running]> on host ip-172-31-71-51.ec2.internal
[2026-03-28T19:38:20.964+0000] {taskinstance.py:3131} INFO - Exporting env vars: AIRFLOW_CTX_DAG_OWNER='airflow' AIRFLOW_CTX_DAG_ID='ml_training_pipeline_v2' AIRFLOW_CTX_TASK_ID='train_model' AIRFLOW_CTX_EXECUTION_DATE='2026-03-28T19:38:12.092484+00:00' AIRFLOW_CTX_TRY_NUMBER='1' AIRFLOW_CTX_DAG_RUN_ID='manual__2026-03-28T19:38:12.092484+00:00'
[2026-03-28T19:38:20.964+0000] {taskinstance.py:731} INFO - ::endgroup::
[2026-03-28T19:38:21.006+0000] {logging_mixin.py:190} INFO - [ml_pipeline.model] Model accuracy: 1.0000
[2026-03-28T19:38:21.008+0000] {logging_mixin.py:190} INFO - [ml_pipeline.model] Saved model to models/iris_model.pkl
[2026-03-28T19:38:21.010+0000] {logging_mixin.py:190} INFO - [train_model] Model saved to models/iris_model.pkl
[2026-03-28T19:38:21.010+0000] {logging_mixin.py:190} INFO - [train_model] Accuracy: 1.0000
[2026-03-28T19:38:21.010+0000] {python.py:240} INFO - Done. Returned value was: 1.0
[2026-03-28T19:38:21.028+0000] {taskinstance.py:340} INFO - ::group::Post task execution logs
[2026-03-28T19:38:21.028+0000] {taskinstance.py:352} INFO - Marking task as SUCCESS. dag_id=ml_training_pipeline_v2, task_id=train_model, run_id=manual__2026-03-28T19:38:12.092484+00:00, execution_date=20260328T193812, start_date=20260328T193820, end_date=20260328T193821
[2026-03-28T19:38:21.047+0000] {local_task_job_runner.py:266} INFO - Task exited with return code 0
[2026-03-28T19:38:21.061+0000] {taskinstance.py:3900} INFO - 1 downstream tasks scheduled from follow-on schedule check
[2026-03-28T19:38:21.065+0000] {local_task_job_runner.py:245} INFO - ::endgroup::
